2025-11-21 17:14:54 INFO  i.g.bonigarcia.wdm.WebDriverManager - Using chromedriver 142.0.7444.175 (resolved driver for Chrome 142)
2025-11-21 17:14:54 INFO  i.g.bonigarcia.wdm.WebDriverManager - Exporting webdriver.chrome.driver as C:\Users\AshwinDoye\.cache\selenium\chromedriver\win64\142.0.7444.175\chromedriver.exe
2025-11-23 11:19:44 INFO  org.testng.internal.Utils - [TestNG] Running:
  E:\New-automation\ICEDQ-TestGenerator\testng.xml

2025-11-23 11:19:51 INFO  i.g.bonigarcia.wdm.WebDriverManager - Using chromedriver 142.0.7444.175 (resolved driver for Chrome 142)
2025-11-23 11:19:52 INFO  i.g.bonigarcia.wdm.WebDriverManager - Exporting webdriver.chrome.driver as C:\Users\Ashwin\.cache\selenium\chromedriver\win64\142.0.7444.175\chromedriver.exe
2025-11-24 11:44:40 INFO  i.g.bonigarcia.wdm.WebDriverManager - Using chromedriver 142.0.7444.175 (resolved driver for Chrome 142)
2025-11-24 11:44:40 INFO  i.g.bonigarcia.wdm.WebDriverManager - Exporting webdriver.chrome.driver as C:\Users\AshwinDoye\.cache\selenium\chromedriver\win64\142.0.7444.175\chromedriver.exe
2025-11-24 12:06:38 INFO  i.g.bonigarcia.wdm.WebDriverManager - Using chromedriver 142.0.7444.175 (resolved driver for Chrome 142)
2025-11-24 12:06:38 INFO  i.g.bonigarcia.wdm.WebDriverManager - Exporting webdriver.chrome.driver as C:\Users\AshwinDoye\.cache\selenium\chromedriver\win64\142.0.7444.175\chromedriver.exe
2025-11-24 12:57:58 INFO  i.g.bonigarcia.wdm.WebDriverManager - Using chromedriver 142.0.7444.175 (resolved driver for Chrome 142)
2025-11-24 12:57:58 INFO  i.g.bonigarcia.wdm.WebDriverManager - Exporting webdriver.chrome.driver as C:\Users\AshwinDoye\.cache\selenium\chromedriver\win64\142.0.7444.175\chromedriver.exe
2025-11-24 13:20:53 INFO  i.g.bonigarcia.wdm.WebDriverManager - Using chromedriver 142.0.7444.175 (resolved driver for Chrome 142)
2025-11-24 13:20:53 INFO  i.g.bonigarcia.wdm.WebDriverManager - Exporting webdriver.chrome.driver as C:\Users\AshwinDoye\.cache\selenium\chromedriver\win64\142.0.7444.175\chromedriver.exe
2025-11-24 14:23:39 INFO  i.g.bonigarcia.wdm.WebDriverManager - Using chromedriver 142.0.7444.175 (resolved driver for Chrome 142)
2025-11-24 14:23:39 INFO  i.g.bonigarcia.wdm.WebDriverManager - Exporting webdriver.chrome.driver as C:\Users\AshwinDoye\.cache\selenium\chromedriver\win64\142.0.7444.175\chromedriver.exe
2025-11-24 14:40:08 INFO  i.g.bonigarcia.wdm.WebDriverManager - Using chromedriver 142.0.7444.175 (resolved driver for Chrome 142)
2025-11-24 14:40:08 INFO  i.g.bonigarcia.wdm.WebDriverManager - Exporting webdriver.chrome.driver as C:\Users\AshwinDoye\.cache\selenium\chromedriver\win64\142.0.7444.175\chromedriver.exe
2025-11-24 14:53:30 INFO  i.g.bonigarcia.wdm.WebDriverManager - Using chromedriver 142.0.7444.175 (resolved driver for Chrome 142)
2025-11-24 14:53:30 INFO  i.g.bonigarcia.wdm.WebDriverManager - Exporting webdriver.chrome.driver as C:\Users\AshwinDoye\.cache\selenium\chromedriver\win64\142.0.7444.175\chromedriver.exe
2025-11-24 19:04:44 INFO  i.g.bonigarcia.wdm.WebDriverManager - Using chromedriver 142.0.7444.175 (resolved driver for Chrome 142)
2025-11-24 19:04:44 INFO  i.g.bonigarcia.wdm.WebDriverManager - Exporting webdriver.chrome.driver as C:\Users\AshwinDoye\.cache\selenium\chromedriver\win64\142.0.7444.175\chromedriver.exe
2025-11-24 19:09:07 INFO  i.g.bonigarcia.wdm.WebDriverManager - Using chromedriver 142.0.7444.175 (resolved driver for Chrome 142)
2025-11-24 19:09:07 INFO  i.g.bonigarcia.wdm.WebDriverManager - Exporting webdriver.chrome.driver as C:\Users\AshwinDoye\.cache\selenium\chromedriver\win64\142.0.7444.175\chromedriver.exe
2025-11-24 19:16:41 INFO  i.g.bonigarcia.wdm.WebDriverManager - Using chromedriver 142.0.7444.175 (resolved driver for Chrome 142)
2025-11-24 19:16:41 INFO  i.g.bonigarcia.wdm.WebDriverManager - Exporting webdriver.chrome.driver as C:\Users\AshwinDoye\.cache\selenium\chromedriver\win64\142.0.7444.175\chromedriver.exe
