2025-11-18 12:21:35 INFO  i.g.bonigarcia.wdm.WebDriverManager - Using chromedriver 142.0.7444.175 (resolved driver for Chrome 142)
2025-11-18 12:21:35 INFO  i.g.bonigarcia.wdm.online.Downloader - Downloading https://storage.googleapis.com/chrome-for-testing-public/142.0.7444.175/win64/chromedriver-win64.zip
2025-11-18 12:21:37 INFO  i.g.bonigarcia.wdm.online.Downloader - Extracting driver from compressed file chromedriver-win64.zip
2025-11-18 12:21:37 INFO  i.g.bonigarcia.wdm.WebDriverManager - Exporting webdriver.chrome.driver as C:\Users\AshwinDoye\.cache\selenium\chromedriver\win64\142.0.7444.175\chromedriver.exe
2025-11-18 13:02:05 INFO  i.g.bonigarcia.wdm.WebDriverManager - Using chromedriver 142.0.7444.175 (resolved driver for Chrome 142)
2025-11-18 13:02:05 INFO  i.g.bonigarcia.wdm.WebDriverManager - Exporting webdriver.chrome.driver as C:\Users\AshwinDoye\.cache\selenium\chromedriver\win64\142.0.7444.175\chromedriver.exe
2025-11-18 13:15:22 INFO  i.g.bonigarcia.wdm.WebDriverManager - Using chromedriver 142.0.7444.175 (resolved driver for Chrome 142)
2025-11-18 13:15:22 INFO  i.g.bonigarcia.wdm.WebDriverManager - Exporting webdriver.chrome.driver as C:\Users\AshwinDoye\.cache\selenium\chromedriver\win64\142.0.7444.175\chromedriver.exe
2025-11-18 14:49:38 INFO  i.g.bonigarcia.wdm.WebDriverManager - Using chromedriver 142.0.7444.175 (resolved driver for Chrome 142)
2025-11-18 14:49:38 INFO  i.g.bonigarcia.wdm.WebDriverManager - Exporting webdriver.chrome.driver as C:\Users\AshwinDoye\.cache\selenium\chromedriver\win64\142.0.7444.175\chromedriver.exe
2025-11-18 14:50:01 INFO  i.g.bonigarcia.wdm.WebDriverManager - Using chromedriver 142.0.7444.175 (resolved driver for Chrome 142)
2025-11-18 14:50:01 INFO  i.g.bonigarcia.wdm.WebDriverManager - Exporting webdriver.chrome.driver as C:\Users\AshwinDoye\.cache\selenium\chromedriver\win64\142.0.7444.175\chromedriver.exe
2025-11-18 14:52:52 INFO  i.g.bonigarcia.wdm.WebDriverManager - Using chromedriver 142.0.7444.175 (resolved driver for Chrome 142)
2025-11-18 14:52:52 INFO  i.g.bonigarcia.wdm.WebDriverManager - Exporting webdriver.chrome.driver as C:\Users\AshwinDoye\.cache\selenium\chromedriver\win64\142.0.7444.175\chromedriver.exe
2025-11-18 16:05:29 INFO  i.g.bonigarcia.wdm.WebDriverManager - Using chromedriver 142.0.7444.175 (resolved driver for Chrome 142)
2025-11-18 16:05:29 INFO  i.g.bonigarcia.wdm.WebDriverManager - Exporting webdriver.chrome.driver as C:\Users\AshwinDoye\.cache\selenium\chromedriver\win64\142.0.7444.175\chromedriver.exe
2025-11-18 16:24:58 INFO  i.g.bonigarcia.wdm.WebDriverManager - Using chromedriver 142.0.7444.175 (resolved driver for Chrome 142)
2025-11-18 16:24:58 INFO  i.g.bonigarcia.wdm.WebDriverManager - Exporting webdriver.chrome.driver as C:\Users\AshwinDoye\.cache\selenium\chromedriver\win64\142.0.7444.175\chromedriver.exe
2025-11-18 16:40:17 INFO  i.g.bonigarcia.wdm.WebDriverManager - Using chromedriver 142.0.7444.175 (resolved driver for Chrome 142)
2025-11-18 16:40:17 INFO  i.g.bonigarcia.wdm.WebDriverManager - Exporting webdriver.chrome.driver as C:\Users\AshwinDoye\.cache\selenium\chromedriver\win64\142.0.7444.175\chromedriver.exe
2025-11-18 16:51:37 INFO  i.g.bonigarcia.wdm.WebDriverManager - Using chromedriver 142.0.7444.175 (resolved driver for Chrome 142)
2025-11-18 16:51:37 INFO  i.g.bonigarcia.wdm.WebDriverManager - Exporting webdriver.chrome.driver as C:\Users\AshwinDoye\.cache\selenium\chromedriver\win64\142.0.7444.175\chromedriver.exe
2025-11-18 22:53:28 INFO  org.testng.internal.Utils - [TestNG] Running:
  E:\New-automation\ICEDQ-TestGenerator\testng.xml

2025-11-18 22:53:34 INFO  i.g.bonigarcia.wdm.WebDriverManager - Using chromedriver 142.0.7444.175 (resolved driver for Chrome 142)
2025-11-18 22:53:34 INFO  i.g.bonigarcia.wdm.online.Downloader - Downloading https://storage.googleapis.com/chrome-for-testing-public/142.0.7444.175/win64/chromedriver-win64.zip
2025-11-18 22:53:35 INFO  i.g.bonigarcia.wdm.online.Downloader - Extracting driver from compressed file chromedriver-win64.zip
2025-11-18 22:53:36 INFO  i.g.bonigarcia.wdm.WebDriverManager - Exporting webdriver.chrome.driver as C:\Users\Ashwin\.cache\selenium\chromedriver\win64\142.0.7444.175\chromedriver.exe
2025-11-18 22:56:53 INFO  org.testng.internal.Utils - [TestNG] Running:
  E:\New-automation\ICEDQ-TestGenerator\testng.xml

2025-11-18 22:56:54 INFO  i.g.bonigarcia.wdm.WebDriverManager - Using chromedriver 142.0.7444.175 (resolved driver for Chrome 142)
2025-11-18 22:56:54 INFO  i.g.bonigarcia.wdm.WebDriverManager - Exporting webdriver.chrome.driver as C:\Users\Ashwin\.cache\selenium\chromedriver\win64\142.0.7444.175\chromedriver.exe
