2025-11-10 11:56:55 INFO  Base:71 - Loading locator files from directory: D:\Eclipse\ICEDQ\TestGenerator/src/main/resources/locator/
2025-11-10 11:56:55 INFO  Base:74 - Loading locator file: Login.properties
2025-11-10 11:56:55 INFO  Base:80 - Loaded 4 locators from Login.properties
2025-11-10 11:56:55 INFO  Base:74 - Loading locator file: Template.properties
2025-11-10 11:56:55 INFO  Base:80 - Loaded 2 locators from Template.properties
2025-11-10 11:56:55 INFO  Base:86 - Total locators loaded: 5
2025-11-10 11:57:03 ERROR TestGeneratorTest:22 - The test generator module is not clickable..Cannot invoke "String.split(String, int)" because "locator" is null
2025-11-10 11:57:08 ERROR TestGeneratorTest:34 - The 'Checksum' rule wizard is not clickable..no such element: Unable to locate element: {"method":"xpath","selector":"//h6[text()='Checksum']"}
  (Session info: chrome=142.0.7444.134)
For documentation on this error, please visit: https://www.selenium.dev/documentation/webdriver/troubleshooting/errors#nosuchelementexception
Build info: version: '4.36.0', revision: '6d115cfd87'
System info: os.name: 'Windows 11', os.arch: 'amd64', os.version: '10.0', java.version: '21.0.3'
Driver info: org.openqa.selenium.chrome.ChromeDriver
Command: [9b55321e1be0e23a8c90b5c340dab3d2, findElement {value=//h6[text()='Checksum'], using=xpath}]
Capabilities {acceptInsecureCerts: true, browserName: chrome, browserVersion: 142.0.7444.134, chrome: {chromedriverVersion: 142.0.7444.61 (9884f628acbc..., userDataDir: C:\Users\ASHWIN~1\AppData\L...}, fedcm:accounts: true, goog:chromeOptions: {debuggerAddress: localhost:57347}, goog:processID: 22420, networkConnectionEnabled: false, pageLoadStrategy: normal, platformName: windows, proxy: Proxy(), se:cdp: ws://localhost:57347/devtoo..., se:cdpVersion: 142.0.7444.134, setWindowRect: true, strictFileInteractability: false, timeouts: {implicit: 0, pageLoad: 300000, script: 30000}, unhandledPromptBehavior: dismiss and notify, webauthn:extension:credBlob: true, webauthn:extension:largeBlob: true, webauthn:extension:minPinLength: true, webauthn:extension:prf: true, webauthn:virtualAuthenticators: true}
Session ID: 9b55321e1be0e23a8c90b5c340dab3d2
2025-11-10 11:57:23 INFO  TestGeneratorTest:64 - The workspace is selected..
2025-11-10 12:02:16 INFO  Base:71 - Loading locator files from directory: D:\Eclipse\ICEDQ\TestGenerator/src/main/resources/locator/
2025-11-10 12:02:16 INFO  Base:74 - Loading locator file: Login.properties
2025-11-10 12:02:16 INFO  Base:80 - Loaded 4 locators from Login.properties
2025-11-10 12:02:16 INFO  Base:74 - Loading locator file: Template.properties
2025-11-10 12:02:16 INFO  Base:80 - Loaded 2 locators from Template.properties
2025-11-10 12:02:16 INFO  Base:86 - Total locators loaded: 5
2025-11-10 12:02:24 ERROR TestGeneratorTest:22 - The test generator module is not clickable..Cannot invoke "String.split(String, int)" because "locator" is null
2025-11-10 12:02:29 ERROR TestGeneratorTest:34 - The 'Checksum' rule wizard is not clickable..no such element: Unable to locate element: {"method":"xpath","selector":"//h6[text()='Checksum']"}
  (Session info: chrome=142.0.7444.134)
For documentation on this error, please visit: https://www.selenium.dev/documentation/webdriver/troubleshooting/errors#nosuchelementexception
Build info: version: '4.36.0', revision: '6d115cfd87'
System info: os.name: 'Windows 11', os.arch: 'amd64', os.version: '10.0', java.version: '21.0.3'
Driver info: org.openqa.selenium.chrome.ChromeDriver
Command: [4752ae91e103d08a6dee5a89a87a022f, findElement {using=xpath, value=//h6[text()='Checksum']}]
Capabilities {acceptInsecureCerts: true, browserName: chrome, browserVersion: 142.0.7444.134, chrome: {chromedriverVersion: 142.0.7444.61 (9884f628acbc..., userDataDir: C:\Users\ASHWIN~1\AppData\L...}, fedcm:accounts: true, goog:chromeOptions: {debuggerAddress: localhost:60119}, goog:processID: 11680, networkConnectionEnabled: false, pageLoadStrategy: normal, platformName: windows, proxy: Proxy(), se:cdp: ws://localhost:60119/devtoo..., se:cdpVersion: 142.0.7444.134, setWindowRect: true, strictFileInteractability: false, timeouts: {implicit: 0, pageLoad: 300000, script: 30000}, unhandledPromptBehavior: dismiss and notify, webauthn:extension:credBlob: true, webauthn:extension:largeBlob: true, webauthn:extension:minPinLength: true, webauthn:extension:prf: true, webauthn:virtualAuthenticators: true}
Session ID: 4752ae91e103d08a6dee5a89a87a022f
2025-11-10 12:02:44 INFO  TestGeneratorTest:64 - The workspace is selected..
